INFO Selected: Output dir: ../../output/picrust2/picrust2envrun/intermediate/place_seqs_arc/epa_out/
INFO Selected: Query file: ../../output/picrust2/picrust2envrun/intermediate/place_seqs_arc/study_seqs_hmmalign.fasta
INFO Selected: Tree file: /home/shared/8TB_HDD_02/stanja/miniconda3/envs/picrust2/lib/python3.9/site-packages/picrust2/default_files/archaea/arc_ref/arc_ref.tre
INFO Selected: Reference MSA: ../../output/picrust2/picrust2envrun/intermediate/place_seqs_arc/ref_seqs_hmmalign.fasta
INFO Selected: Filtering by accumulated threshold: 0.99
INFO Selected: Maximum number of placements per query: 100
INFO Selected: Automatic switching of use of per rate scalers
INFO Selected: Preserving the root of the input tree
INFO Selected: Specified model file: /home/shared/8TB_HDD_02/stanja/miniconda3/envs/picrust2/lib/python3.9/site-packages/picrust2/default_files/archaea/arc_ref/arc_ref.model
INFO Selected: Reading queries in chunks of: 5000
INFO Selected: Using threads: 4
INFO     ______ ____   ___           _   __ ______
        / ____// __ \ /   |         / | / // ____/
       / __/  / /_/ // /| | ______ /  |/ // / __  
      / /___ / ____// ___ |/_____// /|  // /_/ /  
     /_____//_/    /_/  |_|      /_/ |_/ \____/ (v0.3.8)
INFO Using model parameters:
INFO    Rate heterogeneity: GAMMA (4 cats, mean),  alpha: 0.509646 (user),  weights&rates: (0.25,0.0351892) (0.25,0.258166) (0.25,0.827162) (0.25,2.87948) 
        Base frequencies (user): 0.224411 0.252166 0.284495 0.238928 
        Substitution rates (user): 1.16611 4.36836 1.83214 1.0193 5.96274 1
INFO Output file: ../../output/picrust2/picrust2envrun/intermediate/place_seqs_arc/epa_out/epa_result.jplace
INFO 5000 Sequences done!
INFO 5891 Sequences done!
INFO Time spent placing: 2s
INFO Elapsed Time: 2s
